
> backend@1.0.0 test
> jest 23101214_JobPosting.test.ts

node.exe : ts-jest[ts-jest-transformer] (WARN) Define `ts-jest` config under `globals` is deprecated. Please do
At line:1 char:1
+ & "C:\Program Files\nodejs/node.exe" "C:\Program Files\nodejs/node_mo ...
+ ~~~~~~~~~~~~~~~~~~~~~~~~~~~~~~~~~~~~~~~~~~~~~~~~~~~~~~~~~~~~~~~~~~~~~
    + CategoryInfo          : NotSpecified: (ts-jest[ts-jest...ated. Please do:String) [], RemoteException
    + FullyQualifiedErrorId : NativeCommandError
 
transform: {
    <transform_regex>: ['ts-jest', { /* ts-jest config goes here in Jest */ }],
},
See more at https://kulshekhar.github.io/ts-jest/docs/getting-started/presets#advanced
ts-jest[config] (WARN) 
    The "ts-jest" config option "isolatedModules" is deprecated and will be removed in v30.0.0. Please use "isolatedModules: 
true" in C:/Users/User/Documents/New folder/KAAJ_KAAM-A-Remote-job-portal-for-Bangladesh/backend/tsconfig.json instead, see 
https://www.typescriptlang.org/tsconfig/#isolatedModules
  
  console.log
    Γ£à Test environment initialized

      at Object.<anonymous> (src/tests/setup.ts:16:9)

  console.log
    Γ£ô Email service configured with Gmail

      at Object.<anonymous> (services/emailService.js:16:11)

(node:23616) [MONGODB DRIVER] Warning: useNewUrlParser is a deprecated option: useNewUrlParser has no effect since Node.js 
Driver version 4.0.0 and will be removed in the next major version
(Use `node --trace-warnings ...` to show where the warning was created)
(node:23616) [MONGODB DRIVER] Warning: useUnifiedTopology is a deprecated option: useUnifiedTopology has no effect since 
Node.js Driver version 4.0.0 and will be removed in the next major version
  console.log
    Γ£ô Test database and users initialized

      at Object.<anonymous> (src/tests/23101214_JobPosting.test.ts:129:15)

  console.log
    Γ£ô Interest added to job: new ObjectId('6960fee2f467000b7a2b29b4')

      at exports.showInterest (controllers/jobController.js:149:13)

  console.log
    Γ£ô Proposal created: new ObjectId('6960fee2f467000b7a2b29b9')

      at exports.showInterest (controllers/jobController.js:162:13)

  console.log
    Γ£ô Order created with status PENDING: new ObjectId('6960fee2f467000b7a2b29bb')

      at exports.showInterest (controllers/jobController.js:175:13)

  console.log
      - Buyer: new ObjectId('6960fee2f467000b7a2b2943')

      at exports.showInterest (controllers/jobController.js:176:13)

  console.log
      - Seller: new ObjectId('6960fee2f467000b7a2b2950')

      at exports.showInterest (controllers/jobController.js:177:13)

  console.log
      - Job: new ObjectId('6960fee2f467000b7a2b29b4')

      at exports.showInterest (controllers/jobController.js:178:13)

  console.log
      - Status: pending

      at exports.showInterest (controllers/jobController.js:179:13)

  console.log
    Γ£ô Interest added to job: new ObjectId('6960fee2f467000b7a2b29c2')

      at exports.showInterest (controllers/jobController.js:149:13)

  console.log
    Γ£ô Proposal created: new ObjectId('6960fee2f467000b7a2b29c7')

      at exports.showInterest (controllers/jobController.js:162:13)

  console.log
    Γ£ô Order created with status PENDING: new ObjectId('6960fee2f467000b7a2b29c9')

      at exports.showInterest (controllers/jobController.js:175:13)

  console.log
      - Buyer: new ObjectId('6960fee2f467000b7a2b2943')

      at exports.showInterest (controllers/jobController.js:176:13)

  console.log
      - Seller: new ObjectId('6960fee2f467000b7a2b2950')

      at exports.showInterest (controllers/jobController.js:177:13)

  console.log
      - Job: new ObjectId('6960fee2f467000b7a2b29c2')

      at exports.showInterest (controllers/jobController.js:178:13)

  console.log
      - Status: pending

      at exports.showInterest (controllers/jobController.js:179:13)

  console.log
    Γ£ô Interest added to job: new ObjectId('6960fee2f467000b7a2b29d1')

      at exports.showInterest (controllers/jobController.js:149:13)

  console.log
    Γ£ô Proposal created: new ObjectId('6960fee2f467000b7a2b29d6')

      at exports.showInterest (controllers/jobController.js:162:13)

  console.log
    Γ£ô Order created with status PENDING: new ObjectId('6960fee2f467000b7a2b29d8')

      at exports.showInterest (controllers/jobController.js:175:13)

  console.log
      - Buyer: new ObjectId('6960fee2f467000b7a2b2943')

      at exports.showInterest (controllers/jobController.js:176:13)

  console.log
      - Seller: new ObjectId('6960fee2f467000b7a2b2950')

      at exports.showInterest (controllers/jobController.js:177:13)

  console.log
      - Job: new ObjectId('6960fee2f467000b7a2b29d1')

      at exports.showInterest (controllers/jobController.js:178:13)

  console.log
      - Status: pending

      at exports.showInterest (controllers/jobController.js:179:13)

  console.log
    Γ£ô Interest added to job: new ObjectId('6960fee2f467000b7a2b29df')

      at exports.showInterest (controllers/jobController.js:149:13)

  console.log
    Γ£ô Proposal created: new ObjectId('6960fee2f467000b7a2b29e4')

      at exports.showInterest (controllers/jobController.js:162:13)

  console.log
    Γ£ô Order created with status PENDING: new ObjectId('6960fee2f467000b7a2b29e6')

      at exports.showInterest (controllers/jobController.js:175:13)

  console.log
      - Buyer: new ObjectId('6960fee2f467000b7a2b2943')

      at exports.showInterest (controllers/jobController.js:176:13)

  console.log
      - Seller: new ObjectId('6960fee2f467000b7a2b2950')

      at exports.showInterest (controllers/jobController.js:177:13)

  console.log
      - Job: new ObjectId('6960fee2f467000b7a2b29df')

      at exports.showInterest (controllers/jobController.js:178:13)

  console.log
      - Status: pending

      at exports.showInterest (controllers/jobController.js:179:13)

  console.log
    Γ£ô Email sent successfully to seller1767964386119@test.com - Type: order_activated

      at sendEmail (services/emailService.js:375:13)

  console.log
    Γ£ô Interest added to job: new ObjectId('6960fee5f467000b7a2b29f7')

      at exports.showInterest (controllers/jobController.js:149:13)

  console.log
    Γ£ô Proposal created: new ObjectId('6960fee5f467000b7a2b29fc')

      at exports.showInterest (controllers/jobController.js:162:13)

  console.log
    Γ£ô Order created with status PENDING: new ObjectId('6960fee5f467000b7a2b29fe')

      at exports.showInterest (controllers/jobController.js:175:13)

  console.log
      - Buyer: new ObjectId('6960fee2f467000b7a2b2943')

      at exports.showInterest (controllers/jobController.js:176:13)

  console.log
      - Seller: new ObjectId('6960fee2f467000b7a2b2950')

      at exports.showInterest (controllers/jobController.js:177:13)

  console.log
      - Job: new ObjectId('6960fee5f467000b7a2b29f7')

      at exports.showInterest (controllers/jobController.js:178:13)

  console.log
      - Status: pending

      at exports.showInterest (controllers/jobController.js:179:13)

  console.log
    Γ£ô Interest added to job: new ObjectId('6960fee5f467000b7a2b2a0f')

      at exports.showInterest (controllers/jobController.js:149:13)

  console.log
    Γ£ô Proposal created: new ObjectId('6960fee5f467000b7a2b2a14')

      at exports.showInterest (controllers/jobController.js:162:13)

  console.log
    Γ£ô Order created with status PENDING: new ObjectId('6960fee5f467000b7a2b2a16')

      at exports.showInterest (controllers/jobController.js:175:13)

  console.log
      - Buyer: new ObjectId('6960fee2f467000b7a2b2943')

      at exports.showInterest (controllers/jobController.js:176:13)

  console.log
      - Seller: new ObjectId('6960fee2f467000b7a2b2950')

      at exports.showInterest (controllers/jobController.js:177:13)

  console.log
      - Job: new ObjectId('6960fee5f467000b7a2b2a0f')

      at exports.showInterest (controllers/jobController.js:178:13)

  console.log
      - Status: pending

      at exports.showInterest (controllers/jobController.js:179:13)

  console.log
    Γ£ô Email sent successfully to seller1767964386119@test.com - Type: order_activated

      at sendEmail (services/emailService.js:375:13)

  console.log
    Γ£ô Interest added to job: new ObjectId('6960fee8f467000b7a2b2a56')

      at exports.showInterest (controllers/jobController.js:149:13)

  console.log
    Γ£ô Proposal created: new ObjectId('6960fee8f467000b7a2b2a5b')

      at exports.showInterest (controllers/jobController.js:162:13)

  console.log
    Γ£ô Order created with status PENDING: new ObjectId('6960fee8f467000b7a2b2a5d')

      at exports.showInterest (controllers/jobController.js:175:13)

  console.log
      - Buyer: new ObjectId('6960fee2f467000b7a2b2943')

      at exports.showInterest (controllers/jobController.js:176:13)

  console.log
      - Seller: new ObjectId('6960fee2f467000b7a2b2950')

      at exports.showInterest (controllers/jobController.js:177:13)

  console.log
      - Job: new ObjectId('6960fee8f467000b7a2b2a56')

      at exports.showInterest (controllers/jobController.js:178:13)

  console.log
      - Status: pending

      at exports.showInterest (controllers/jobController.js:179:13)

  console.log
    Γ£ô Interest added to job: new ObjectId('6960fee8f467000b7a2b2a8e')

      at exports.showInterest (controllers/jobController.js:149:13)

  console.log
    Γ£ô Proposal created: new ObjectId('6960fee8f467000b7a2b2a94')

      at exports.showInterest (controllers/jobController.js:162:13)

  console.log
    Γ£ô Order created with status PENDING: new ObjectId('6960fee8f467000b7a2b2a96')

      at exports.showInterest (controllers/jobController.js:175:13)

  console.log
      - Buyer: new ObjectId('6960fee2f467000b7a2b2943')

      at exports.showInterest (controllers/jobController.js:176:13)

  console.log
      - Seller: new ObjectId('6960fee2f467000b7a2b2950')

      at exports.showInterest (controllers/jobController.js:177:13)

  console.log
      - Job: new ObjectId('6960fee8f467000b7a2b2a8e')

      at exports.showInterest (controllers/jobController.js:178:13)

  console.log
      - Status: pending

      at exports.showInterest (controllers/jobController.js:179:13)

  console.log
    Γ£ô Email sent successfully to seller1767964386119@test.com - Type: order_activated

      at sendEmail (services/emailService.js:375:13)

  console.log
    Γ£ô Interest added to job: new ObjectId('6960feeaf467000b7a2b2ab4')

      at exports.showInterest (controllers/jobController.js:149:13)

  console.log
    Γ£ô Proposal created: new ObjectId('6960feeaf467000b7a2b2ab9')

      at exports.showInterest (controllers/jobController.js:162:13)

  console.log
    Γ£ô Order created with status PENDING: new ObjectId('6960feeaf467000b7a2b2abb')

      at exports.showInterest (controllers/jobController.js:175:13)

  console.log
      - Buyer: new ObjectId('6960fee2f467000b7a2b2943')

      at exports.showInterest (controllers/jobController.js:176:13)

  console.log
      - Seller: new ObjectId('6960fee2f467000b7a2b2950')

      at exports.showInterest (controllers/jobController.js:177:13)

  console.log
      - Job: new ObjectId('6960feeaf467000b7a2b2ab4')

      at exports.showInterest (controllers/jobController.js:178:13)

  console.log
      - Status: pending

      at exports.showInterest (controllers/jobController.js:179:13)

  console.log
    Γ£ô Interest added to job: new ObjectId('6960feeaf467000b7a2b2adc')

      at exports.showInterest (controllers/jobController.js:149:13)

  console.log
    Γ£ô Proposal created: new ObjectId('6960feeaf467000b7a2b2ae1')

      at exports.showInterest (controllers/jobController.js:162:13)

  console.log
    Γ£ô Order created with status PENDING: new ObjectId('6960feeaf467000b7a2b2ae3')

      at exports.showInterest (controllers/jobController.js:175:13)

  console.log
      - Buyer: new ObjectId('6960fee2f467000b7a2b2943')

      at exports.showInterest (controllers/jobController.js:176:13)

  console.log
      - Seller: new ObjectId('6960fee2f467000b7a2b2950')

      at exports.showInterest (controllers/jobController.js:177:13)

  console.log
      - Job: new ObjectId('6960feeaf467000b7a2b2adc')

      at exports.showInterest (controllers/jobController.js:178:13)

  console.log
      - Status: pending

      at exports.showInterest (controllers/jobController.js:179:13)

  console.log
    Γ£ô Interest added to job: new ObjectId('6960feeaf467000b7a2b2aed')

      at exports.showInterest (controllers/jobController.js:149:13)

  console.log
    Γ£ô Proposal created: new ObjectId('6960feeaf467000b7a2b2af2')

      at exports.showInterest (controllers/jobController.js:162:13)

  console.log
    Γ£ô Order created with status PENDING: new ObjectId('6960feeaf467000b7a2b2af4')

      at exports.showInterest (controllers/jobController.js:175:13)

  console.log
      - Buyer: new ObjectId('6960fee2f467000b7a2b2943')

      at exports.showInterest (controllers/jobController.js:176:13)

  console.log
      - Seller: new ObjectId('6960fee2f467000b7a2b2950')

      at exports.showInterest (controllers/jobController.js:177:13)

  console.log
      - Job: new ObjectId('6960feeaf467000b7a2b2aed')

      at exports.showInterest (controllers/jobController.js:178:13)

  console.log
      - Status: pending

      at exports.showInterest (controllers/jobController.js:179:13)

  console.log
    Γ£ô Test environment cleaned up

      at Object.<anonymous> (src/tests/23101214_JobPosting.test.ts:160:15)

FAIL src/tests/23101214_JobPosting.test.ts (9.486 s)
  Job Posting Feature - Buyer Operations
    Γ£à Successful Job Operations
      ΓêÜ should create a new job with valid data (45 ms)
      ΓêÜ should get all jobs (public endpoint) (13 ms)
      ΓêÜ should get jobs with search filter (10 ms)
      ΓêÜ should get jobs with category filter (9 ms)
      ├ù should get my posted jobs (buyer only) (12 ms)
      ΓêÜ should get single job details (10 ms)
      ΓêÜ should update job with valid data (buyer only) (10 ms)
      ΓêÜ should complete a job (buyer only) (7 ms)
      ΓêÜ should delete job without hired freelancer (8 ms)
    Γ£à Freelancer Application Management
      ΓêÜ should allow seller to show interest in job (18 ms)
      ΓêÜ should create order when freelancer applies (18 ms)
      ΓêÜ should create proposal when freelancer applies (16 ms)
      ΓêÜ should accept freelancer application (3436 ms)
      ΓêÜ should reject freelancer application (28 ms)
      ΓêÜ should send notification on application acceptance (2241 ms)
    Γ¥î Error Handling & Validation
      ΓêÜ should fail to create job without authentication (7 ms)
      ΓêÜ should fail to create job with missing required fields (6 ms)
      ΓêÜ should fail if non-buyer tries to post job (6 ms)
      ΓêÜ should fail if non-owner tries to update job (8 ms)
      ΓêÜ should fail if non-owner tries to delete job (9 ms)
      ΓêÜ should fail to edit job too frequently (once per week) (8 ms)
      ΓêÜ should fail to edit job title (7 ms)
      ΓêÜ should fail to get non-existent job (5 ms)
      ΓêÜ should fail if seller tries to apply twice to same job (23 ms)
      ΓêÜ should fail to apply without proposal message (8 ms)
      ΓêÜ should fail to accept non-existent application (10 ms)
      ΓêÜ should fail to delete job with hired freelancer (9 ms)
      ΓêÜ should fail with invalid token (5 ms)
      ΓêÜ should fail with expired token (5 ms)
      ΓêÜ should fail if non-buyer tries to view my jobs (4 ms)
      ΓêÜ should fail if non-job-owner completes job (7 ms)
    ≡ƒöä Integration Tests
      ΓêÜ complete workflow: post ΓåÆ apply ΓåÆ accept ΓåÆ payment ready (2279 ms)
      ΓêÜ job filtering works with multiple parameters (10 ms)
      ΓêÜ rejection and re-application is possible (26 ms)
    ≡ƒöÉ Authorization & Role-Based Access
      ΓêÜ only buyers can create jobs (5 ms)
      ΓêÜ only buyers can view "my jobs" (4 ms)
      ΓêÜ only job owner can update their job (6 ms)
      ΓêÜ only job owner can accept applications (19 ms)
      ΓêÜ only job owner can reject applications (20 ms)
      ΓêÜ only job owner can complete job (7 ms)

  ΓùÅ Job Posting Feature - Buyer Operations ΓÇ║ Γ£à Successful Job Operations ΓÇ║ should get my posted jobs (buyer only)

    expect(received).toBe(expected) // Object.is equality

    Expected: true
    Received: false

    [0m [90m 290 |[39m       expect(
     [90m 291 |[39m         response[33m.[39mbody[33m.[39mevery(job [33m=>[39m job[33m.[39mpostedBy[33m.[39m_id 
[33m===[39m buyerId)
    [31m[1m>[22m[39m[90m 292 |[39m       )[33m.[39mtoBe([36mtrue[39m)[33m;[39m
     [90m     |[39m         [31m[1m^[22m[39m
     [90m 293 |[39m     })[33m;[39m
     [90m 294 |[39m
     [90m 295 |[39m     test([32m'should get single job details'[39m[33m,[39m [36masync[39m () [33m=>[39m {[0m

      at Object.<anonymous> (src/tests/23101214_JobPosting.test.ts:292:9)

Test Suites: 1 failed, 1 total
Tests:       1 failed, 39 passed, 40 total
Snapshots:   0 total
Time:        9.696 s
Ran all test suites matching 23101214_JobPosting.test.ts.
